Test run id: tx9f4_6z43b4eanrajqnatkxpnkp7jmqjep_pw5y
Phase started: phase 1 (index: 0, duration: 1s) 17:39:34(+0900)

Phase completed: phase 1 (index: 0, duration: 1s) 17:39:36(+0900)

--------------------------------------
Metrics for period to: 17:39:40(+0900) (width: 5.908s)
--------------------------------------

browser.http_requests: ......................................................... 1416
browser.page.FCP.https://chat.goorm-ktb-024.goorm.team/register:
  min: ......................................................................... 1188
  max: ......................................................................... 4280
  mean: ........................................................................ 2659.3
  median: ...................................................................... 2566.3
  p95: ......................................................................... 4065.2
  p99: ......................................................................... 4231.1
browser.page.LCP.https://chat.goorm-ktb-024.goorm.team/register:
  min: ......................................................................... 2428
  max: ......................................................................... 3344
  mean: ........................................................................ 2824.9
  median: ...................................................................... 2671
  p95: ......................................................................... 3262.4
  p99: ......................................................................... 3262.4
browser.page.TTFB.https://chat.goorm-ktb-024.goorm.team/register:
  min: ......................................................................... 803.2
  max: ......................................................................... 1225.7
  mean: ........................................................................ 1032.9
  median: ...................................................................... 1022.7
  p95: ......................................................................... 1224.4
  p99: ......................................................................... 1224.4
browser.page.codes.200: ........................................................ 1460
browser.page.codes.201: ........................................................ 5
vusers.created: ................................................................ 100
vusers.created_by_name.0: ...................................................... 100


--------------------------------------
Metrics for period to: 17:39:50(+0900) (width: 7.64s)
--------------------------------------

browser.http_requests: ......................................................... 3564
browser.page.CLS.https://chat.goorm-ktb-024.goorm.team/:
  min: ......................................................................... 0
  max: ......................................................................... 0
  mean: ........................................................................ 0
  median: ...................................................................... 0
  p95: ......................................................................... 0
  p99: ......................................................................... 0
browser.page.CLS.https://chat.goorm-ktb-024.goorm.team/register:
  min: ......................................................................... 0
  max: ......................................................................... 0
  mean: ........................................................................ 0
  median: ...................................................................... 0
  p95: ......................................................................... 0
  p99: ......................................................................... 0
browser.page.FCP.https://chat.goorm-ktb-024.goorm.team/:
  min: ......................................................................... 64
  max: ......................................................................... 384
  mean: ........................................................................ 216
  median: ...................................................................... 214.9
  p95: ......................................................................... 333.7
  p99: ......................................................................... 354.3
browser.page.FCP.https://chat.goorm-ktb-024.goorm.team/register:
  min: ......................................................................... 4176
  max: ......................................................................... 6176
  mean: ........................................................................ 4621.5
  median: ...................................................................... 4492.8
  p95: ......................................................................... 5168
  p99: ......................................................................... 6064.7
browser.page.INP.https://chat.goorm-ktb-024.goorm.team/register:
  min: ......................................................................... 8
  max: ......................................................................... 32
  mean: ........................................................................ 18.3
  median: ...................................................................... 16
  p95: ......................................................................... 32.1
  p99: ......................................................................... 32.1
browser.page.LCP.https://chat.goorm-ktb-024.goorm.team/:
  min: ......................................................................... 100
  max: ......................................................................... 972
  mean: ........................................................................ 745.4
  median: ...................................................................... 804.5
  p95: ......................................................................... 944
  p99: ......................................................................... 963.1
browser.page.LCP.https://chat.goorm-ktb-024.goorm.team/register:
  min: ......................................................................... 2956
  max: ......................................................................... 7344
  mean: ........................................................................ 5522.4
  median: ...................................................................... 5598.4
  p95: ......................................................................... 6976.1
  p99: ......................................................................... 7407.5
browser.page.TTFB.https://chat.goorm-ktb-024.goorm.team/:
  min: ......................................................................... 47.1
  max: ......................................................................... 279.2
  mean: ........................................................................ 178.9
  median: ...................................................................... 190.6
  p95: ......................................................................... 273.2
  p99: ......................................................................... 278.7
browser.page.TTFB.https://chat.goorm-ktb-024.goorm.team/login:
  min: ......................................................................... 48
  max: ......................................................................... 858.8
  mean: ........................................................................ 203.3
  median: ...................................................................... 179.5
  p95: ......................................................................... 478.3
  p99: ......................................................................... 478.3
browser.page.TTFB.https://chat.goorm-ktb-024.goorm.team/register:
  min: ......................................................................... 378.9
  max: ......................................................................... 3422.4
  mean: ........................................................................ 1001
  median: ...................................................................... 820.7
  p95: ......................................................................... 3072.4
  p99: ......................................................................... 3262.4
browser.page.codes.200: ........................................................ 3426
browser.page.codes.201: ........................................................ 44
browser.page.codes.304: ........................................................ 49
errors.page.goto: Navigation to "https://chat.goorm-ktb-024.goorm.team/login...  9
errors.page.goto: Navigation to "https://chat.goorm-ktb-024.goorm.team/login...  2
errors.page.goto: net::ERR_ABORTED at https://chat.goorm-ktb-024.goorm.team/...  4
vusers.failed: ................................................................. 15


--------------------------------------
Metrics for period to: 17:40:00(+0900) (width: 9.362s)
--------------------------------------

browser.http_requests: ......................................................... 1759
browser.page.CLS.https://chat.goorm-ktb-024.goorm.team/:
  min: ......................................................................... 0
  max: ......................................................................... 0
  mean: ........................................................................ 0
  median: ...................................................................... 0
  p95: ......................................................................... 0
  p99: ......................................................................... 0
browser.page.CLS.https://chat.goorm-ktb-024.goorm.team/chat:
  min: ......................................................................... 0.2
  max: ......................................................................... 0.2
  mean: ........................................................................ 0.2
  median: ...................................................................... 0.2
  p95: ......................................................................... 0.2
  p99: ......................................................................... 0.2
browser.page.CLS.https://chat.goorm-ktb-024.goorm.team/register:
  min: ......................................................................... 0
  max: ......................................................................... 0
  mean: ........................................................................ 0
  median: ...................................................................... 0
  p95: ......................................................................... 0
  p99: ......................................................................... 0
browser.page.FCP.https://chat.goorm-ktb-024.goorm.team/:
  min: ......................................................................... 52
  max: ......................................................................... 236
  mean: ........................................................................ 106.3
  median: ...................................................................... 87.4
  p95: ......................................................................... 169
  p99: ......................................................................... 169
browser.page.FCP.https://chat.goorm-ktb-024.goorm.team/chat:
  min: ......................................................................... 104
  max: ......................................................................... 1036
  mean: ........................................................................ 371.4
  median: ...................................................................... 327.1
  p95: ......................................................................... 596
  p99: ......................................................................... 1002.4
browser.page.FCP.https://chat.goorm-ktb-024.goorm.team/profile:
  min: ......................................................................... 124
  max: ......................................................................... 396
  mean: ........................................................................ 240.4
  median: ...................................................................... 252.2
  p95: ......................................................................... 295.9
  p99: ......................................................................... 295.9
browser.page.INP.https://chat.goorm-ktb-024.goorm.team/:
  min: ......................................................................... 0
  max: ......................................................................... 16
  mean: ........................................................................ 9.8
  median: ...................................................................... 7.9
  p95: ......................................................................... 16
  p99: ......................................................................... 16
browser.page.INP.https://chat.goorm-ktb-024.goorm.team/register:
  min: ......................................................................... 24
  max: ......................................................................... 24
  mean: ........................................................................ 24
  median: ...................................................................... 23.8
  p95: ......................................................................... 23.8
  p99: ......................................................................... 23.8
browser.page.LCP.https://chat.goorm-ktb-024.goorm.team/:
  min: ......................................................................... 136
  max: ......................................................................... 676
  mean: ........................................................................ 335.4
  median: ...................................................................... 267.8
  p95: ......................................................................... 645.6
  p99: ......................................................................... 645.6
browser.page.LCP.https://chat.goorm-ktb-024.goorm.team/chat:
  min: ......................................................................... 2328
  max: ......................................................................... 6908
  mean: ........................................................................ 4848.2
  median: ...................................................................... 4492.8
  p95: ......................................................................... 6439.7
  p99: ......................................................................... 6569.8
browser.page.LCP.https://chat.goorm-ktb-024.goorm.team/register:
  min: ......................................................................... 7324
  max: ......................................................................... 9868
  mean: ........................................................................ 9416.6
  median: ...................................................................... 9416.8
  p95: ......................................................................... 9801.2
  p99: ......................................................................... 9801.2
browser.page.TTFB.https://chat.goorm-ktb-024.goorm.team/:
  min: ......................................................................... 32.4
  max: ......................................................................... 124.3
  mean: ........................................................................ 73.3
  median: ...................................................................... 67.4
  p95: ......................................................................... 117.9
  p99: ......................................................................... 117.9
browser.page.TTFB.https://chat.goorm-ktb-024.goorm.team/chat:
  min: ......................................................................... 27
  max: ......................................................................... 495.8
  mean: ........................................................................ 125.7
  median: ...................................................................... 76
  p95: ......................................................................... 252.2
  p99: ......................................................................... 252.2
browser.page.TTFB.https://chat.goorm-ktb-024.goorm.team/login:
  min: ......................................................................... 50.4
  max: ......................................................................... 214.7
  mean: ........................................................................ 108
  median: ...................................................................... 96.6
  p95: ......................................................................... 133
  p99: ......................................................................... 133
browser.page.TTFB.https://chat.goorm-ktb-024.goorm.team/profile:
  min: ......................................................................... 29.9
  max: ......................................................................... 151.8
  mean: ........................................................................ 84.5
  median: ...................................................................... 74.4
  p95: ......................................................................... 130.3
  p99: ......................................................................... 133
browser.page.codes.200: ........................................................ 1694
browser.page.codes.201: ........................................................ 27
browser.page.codes.304: ........................................................ 38


--------------------------------------
Metrics for period to: 17:40:20(+0900) (width: 5.359s)
--------------------------------------

browser.page.CLS.https://chat.goorm-ktb-024.goorm.team/profile:
  min: ......................................................................... 0
  max: ......................................................................... 0
  mean: ........................................................................ 0
  median: ...................................................................... 0
  p95: ......................................................................... 0
  p99: ......................................................................... 0
browser.page.INP.https://chat.goorm-ktb-024.goorm.team/profile:
  min: ......................................................................... 8
  max: ......................................................................... 48
  mean: ........................................................................ 20
  median: ...................................................................... 16
  p95: ......................................................................... 16
  p99: ......................................................................... 16
browser.page.codes.200: ........................................................ 1
vusers.completed: .............................................................. 7
vusers.failed: ................................................................. 0
vusers.session_length:
  min: ......................................................................... 40377.9
  max: ......................................................................... 45508.9
  mean: ........................................................................ 42848.5
  median: ...................................................................... 42205.5
  p95: ......................................................................... 45720.8
  p99: ......................................................................... 45720.8


--------------------------------------
Metrics for period to: 17:40:30(+0900) (width: 5.916s)
--------------------------------------

browser.http_requests: ......................................................... 46
browser.page.codes.200: ........................................................ 44
browser.page.codes.504: ........................................................ 1
errors.pw_failed_assertion.toBeVisible: ........................................ 5
vusers.failed: ................................................................. 5


--------------------------------------
Metrics for period to: 17:40:40(+0900) (width: 9.387s)
--------------------------------------

browser.http_requests: ......................................................... 525
browser.page.CLS.https://chat.goorm-ktb-024.goorm.team/:
  min: ......................................................................... 0
  max: ......................................................................... 0
  mean: ........................................................................ 0
  median: ...................................................................... 0
  p95: ......................................................................... 0
  p99: ......................................................................... 0
browser.page.FCP.https://chat.goorm-ktb-024.goorm.team/chat:
  min: ......................................................................... 368
  max: ......................................................................... 27512
  mean: ........................................................................ 6609.5
  median: ...................................................................... 1620
  p95: ......................................................................... 27181.5
  p99: ......................................................................... 27181.5
browser.page.INP.https://chat.goorm-ktb-024.goorm.team/:
  min: ......................................................................... 0
  max: ......................................................................... 24
  mean: ........................................................................ 11.2
  median: ...................................................................... 7.9
  p95: ......................................................................... 16
  p99: ......................................................................... 16
browser.page.LCP.https://chat.goorm-ktb-024.goorm.team/profile:
  min: ......................................................................... 156
  max: ......................................................................... 1048
  mean: ........................................................................ 688
  median: ...................................................................... 742.6
  p95: ......................................................................... 804.5
  p99: ......................................................................... 804.5
browser.page.TTFB.https://chat.goorm-ktb-024.goorm.team/chat:
  min: ......................................................................... 86.8
  max: ......................................................................... 24058.1
  mean: ........................................................................ 4159.9
  median: ...................................................................... 308
  p95: ......................................................................... 24107.7
  p99: ......................................................................... 24107.7
browser.page.codes.200: ........................................................ 516
browser.page.codes.401: ........................................................ 1
browser.page.codes.504: ........................................................ 4
errors.locator.setInputFiles: Timeout 30000ms exceeded.: ....................... 1
errors.page.waitForURL: Timeout 30000ms exceeded.: ............................. 35
vusers.failed: ................................................................. 36


--------------------------------------
Metrics for period to: 17:40:50(+0900) (width: 0.466s)
--------------------------------------

browser.page.CLS.https://chat.goorm-ktb-024.goorm.team/profile:
  min: ......................................................................... 0
  max: ......................................................................... 0
  mean: ........................................................................ 0
  median: ...................................................................... 0
  p95: ......................................................................... 0
  p99: ......................................................................... 0
browser.page.INP.https://chat.goorm-ktb-024.goorm.team/profile:
  min: ......................................................................... 8
  max: ......................................................................... 48
  mean: ........................................................................ 24
  median: ...................................................................... 16
  p95: ......................................................................... 23.8
  p99: ......................................................................... 23.8
vusers.completed: .............................................................. 4
vusers.failed: ................................................................. 0
vusers.session_length:
  min: ......................................................................... 65272.5
  max: ......................................................................... 66140.8
  mean: ........................................................................ 65847.3
  median: ...................................................................... 65533.7
  p95: ......................................................................... 65533.7
  p99: ......................................................................... 65533.7


All VUs finished. Total time: 1 minute, 6 seconds

--------------------------------
Summary report @ 17:40:40(+0900)
--------------------------------

browser.http_requests: ......................................................... 7310
browser.page.CLS.https://chat.goorm-ktb-024.goorm.team/:
  min: ......................................................................... 0
  max: ......................................................................... 0
  mean: ........................................................................ 0
  median: ...................................................................... 0
  p95: ......................................................................... 0
  p99: ......................................................................... 0
browser.page.CLS.https://chat.goorm-ktb-024.goorm.team/chat:
  min: ......................................................................... 0.2
  max: ......................................................................... 0.2
  mean: ........................................................................ 0.2
  median: ...................................................................... 0.2
  p95: ......................................................................... 0.2
  p99: ......................................................................... 0.2
browser.page.CLS.https://chat.goorm-ktb-024.goorm.team/profile:
  min: ......................................................................... 0
  max: ......................................................................... 0
  mean: ........................................................................ 0
  median: ...................................................................... 0
  p95: ......................................................................... 0
  p99: ......................................................................... 0
browser.page.CLS.https://chat.goorm-ktb-024.goorm.team/register:
  min: ......................................................................... 0
  max: ......................................................................... 0
  mean: ........................................................................ 0
  median: ...................................................................... 0
  p95: ......................................................................... 0
  p99: ......................................................................... 0
browser.page.FCP.https://chat.goorm-ktb-024.goorm.team/:
  min: ......................................................................... 52
  max: ......................................................................... 384
  mean: ........................................................................ 193.4
  median: ...................................................................... 194.4
  p95: ......................................................................... 314.2
  p99: ......................................................................... 354.3
browser.page.FCP.https://chat.goorm-ktb-024.goorm.team/chat:
  min: ......................................................................... 104
  max: ......................................................................... 27512
  mean: ........................................................................ 3490.4
  median: ...................................................................... 572.6
  p95: ......................................................................... 27181.5
  p99: ......................................................................... 27181.5
browser.page.FCP.https://chat.goorm-ktb-024.goorm.team/profile:
  min: ......................................................................... 124
  max: ......................................................................... 396
  mean: ........................................................................ 240.4
  median: ...................................................................... 252.2
  p95: ......................................................................... 295.9
  p99: ......................................................................... 295.9
browser.page.FCP.https://chat.goorm-ktb-024.goorm.team/register:
  min: ......................................................................... 1188
  max: ......................................................................... 6176
  mean: ........................................................................ 3699.3
  median: ...................................................................... 4231.1
  p95: ......................................................................... 5065.6
  p99: ......................................................................... 6064.7
browser.page.INP.https://chat.goorm-ktb-024.goorm.team/:
  min: ......................................................................... 0
  max: ......................................................................... 24
  mean: ........................................................................ 10.4
  median: ...................................................................... 7.9
  p95: ......................................................................... 16
  p99: ......................................................................... 16
browser.page.INP.https://chat.goorm-ktb-024.goorm.team/profile:
  min: ......................................................................... 8
  max: ......................................................................... 48
  mean: ........................................................................ 21.6
  median: ...................................................................... 16
  p95: ......................................................................... 47.9
  p99: ......................................................................... 47.9
browser.page.INP.https://chat.goorm-ktb-024.goorm.team/register:
  min: ......................................................................... 8
  max: ......................................................................... 32
  mean: ........................................................................ 18.6
  median: ...................................................................... 16
  p95: ......................................................................... 32.1
  p99: ......................................................................... 32.1
browser.page.LCP.https://chat.goorm-ktb-024.goorm.team/:
  min: ......................................................................... 100
  max: ......................................................................... 972
  mean: ........................................................................ 601.9
  median: ...................................................................... 645.6
  p95: ......................................................................... 925.4
  p99: ......................................................................... 963.1
browser.page.LCP.https://chat.goorm-ktb-024.goorm.team/chat:
  min: ......................................................................... 2328
  max: ......................................................................... 6908
  mean: ........................................................................ 4848.2
  median: ...................................................................... 4492.8
  p95: ......................................................................... 6439.7
  p99: ......................................................................... 6569.8
browser.page.LCP.https://chat.goorm-ktb-024.goorm.team/profile:
  min: ......................................................................... 156
  max: ......................................................................... 1048
  mean: ........................................................................ 688
  median: ...................................................................... 742.6
  p95: ......................................................................... 804.5
  p99: ......................................................................... 804.5
browser.page.LCP.https://chat.goorm-ktb-024.goorm.team/register:
  min: ......................................................................... 2428
  max: ......................................................................... 9868
  mean: ........................................................................ 7226.8
  median: ...................................................................... 7407.5
  p95: ......................................................................... 9607.1
  p99: ......................................................................... 9801.2
browser.page.TTFB.https://chat.goorm-ktb-024.goorm.team/:
  min: ......................................................................... 32.4
  max: ......................................................................... 279.2
  mean: ........................................................................ 159
  median: ...................................................................... 159.2
  p95: ......................................................................... 267.8
  p99: ......................................................................... 278.7
browser.page.TTFB.https://chat.goorm-ktb-024.goorm.team/chat:
  min: ......................................................................... 27
  max: ......................................................................... 24058.1
  mean: ........................................................................ 2104.8
  median: ...................................................................... 172.5
  p95: ......................................................................... 23630.3
  p99: ......................................................................... 24107.7
browser.page.TTFB.https://chat.goorm-ktb-024.goorm.team/login:
  min: ......................................................................... 48
  max: ......................................................................... 858.8
  mean: ........................................................................ 189.7
  median: ...................................................................... 159.2
  p95: ......................................................................... 478.3
  p99: ......................................................................... 478.3
browser.page.TTFB.https://chat.goorm-ktb-024.goorm.team/profile:
  min: ......................................................................... 29.9
  max: ......................................................................... 151.8
  mean: ........................................................................ 84.5
  median: ...................................................................... 74.4
  p95: ......................................................................... 130.3
  p99: ......................................................................... 133
browser.page.TTFB.https://chat.goorm-ktb-024.goorm.team/register:
  min: ......................................................................... 378.9
  max: ......................................................................... 3422.4
  mean: ........................................................................ 1008.3
  median: ...................................................................... 854.2
  p95: ......................................................................... 2101.1
  p99: ......................................................................... 3262.4
browser.page.codes.200: ........................................................ 7141
browser.page.codes.201: ........................................................ 76
browser.page.codes.304: ........................................................ 87
browser.page.codes.401: ........................................................ 1
browser.page.codes.504: ........................................................ 5
errors.locator.setInputFiles: Timeout 30000ms exceeded.: ....................... 1
errors.page.goto: Navigation to "https://chat.goorm-ktb-024.goorm.team/login...  9
errors.page.goto: Navigation to "https://chat.goorm-ktb-024.goorm.team/login...  2
errors.page.goto: net::ERR_ABORTED at https://chat.goorm-ktb-024.goorm.team/...  4
errors.page.waitForURL: Timeout 30000ms exceeded.: ............................. 35
errors.pw_failed_assertion.toBeVisible: ........................................ 5
vusers.completed: .............................................................. 11
vusers.created: ................................................................ 100
vusers.created_by_name.0: ...................................................... 100
vusers.failed: ................................................................. 56
vusers.session_length:
  min: ......................................................................... 40377.9
  max: ......................................................................... 66140.8
  mean: ........................................................................ 51211.7
  median: ...................................................................... 45720.8
  p95: ......................................................................... 65533.7
  p99: ......................................................................... 65533.7
